
> client@0.1.0 build
> react-scripts build

Creating an optimized production build...
Failed to compile.

[eslint] 
src\pages\Nutrenist.jsx
Syntax error: Expected corresponding JSX closing tag for <div>. (125:8) (125:8)


